EXTRA Cell in WB2 Sheet1!A1 => 'a1'
EXTRA Cell in WB2 Sheet1!B2 => 'b2'
EXTRA Cell in WB2 Sheet1!C3 => 'c3'
----------------- DIFF -------------------
Sheets: []
Rows: []
Cols: []
----------------- EXTRA WB1 -------------------
Sheets: []
Rows: []
Cols: []
----------------- EXTRA WB2 -------------------
Sheets: [Sheet1]
Rows: [1, 2, 3]
Cols: [A, B, C]
-----------------------------------------
Excel files /dev/null and test/resources/ss1.xlsx differ