EXTRA Cell in WB1 Sheet1!A1 => ''
EXTRA Cell in WB1 Sheet1!B1 => ''
----------------- DIFF -------------------
Sheets: []
Rows: []
Cols: []
----------------- EXTRA WB1 -------------------
Sheets: [Sheet1]
Rows: [1]
Cols: [A, B]
----------------- EXTRA WB2 -------------------
Sheets: []
Rows: []
Cols: []
-----------------------------------------
Excel files test/resources/numeric_and_formula.ods and test/resources/numeric_and_formula.xlsx differ