----------------- DIFF -------------------
Sheets: []
Rows: []
Cols: []
----------------- EXTRA WB1 -------------------
Sheets: []
Rows: []
Cols: []
----------------- EXTRA WB2 -------------------
Sheets: []
Rows: []
Cols: []
-----------------------------------------
Excel files test/resources/numeric_and_formula.xls and test/resources/numeric_and_formula.xlsx match
