DIFF  Cell at     Sheet1!A2 => '' v/s 'a2'
DIFF  Cell at     Sheet1!B2 => 'b2' v/s ''
DIFF  Cell at     Sheet1!C3 => 'c3' v/s 'c33'
----------------- DIFF -------------------
Sheets: [Sheet1]
Rows: [2, 3]
Cols: [A, B, C]
----------------- EXTRA WB1 -------------------
Sheets: []
Rows: []
Cols: []
----------------- EXTRA WB2 -------------------
Sheets: []
Rows: []
Cols: []
-----------------------------------------
Excel files test/resources/ss1.ods and test/resources/ss2.ods differ