DIFF  Cell at     Sheet1!A1 => '2.0' v/s '1+1'
DIFF  Cell at     Sheet1!B2 => 'ab' v/s 'CONCATENATE("a","b")'
----------------- DIFF -------------------
Sheets: [Sheet1]
Rows: [1, 2]
Cols: [A, B]
----------------- EXTRA WB1 -------------------
Sheets: []
Rows: []
Cols: []
----------------- EXTRA WB2 -------------------
Sheets: []
Rows: []
Cols: []
-----------------------------------------
Excel files test/resources/ss_without_formula.xlsx and test/resources/ss_with_formula.xlsx differ