----------------- DIFF -------------------
Sheets: []
Rows: []
Cols: []
----------------- EXTRA WB1 -------------------
Sheets: []
Rows: []
Cols: []
----------------- EXTRA WB2 -------------------
Sheets: []
Rows: []
Cols: []
-----------------------------------------
Excel files test\resources\MultiSheet.xls and test\resources\MultiSheet.xls match
