DIFF  Cell at     Sheet1!A1 => '2.0' v/s '1+1'
----------------- DIFF -------------------
Sheets: [Sheet1]
Rows: [1]
Cols: [A]
----------------- EXTRA WB1 -------------------
Sheets: []
Rows: []
Cols: []
----------------- EXTRA WB2 -------------------
Sheets: []
Rows: []
Cols: []
-----------------------------------------
Excel files test\resources\ss_without_formula.xlsx and test\resources\ss_with_formula.xlsx differ