----------------- DIFF -------------------
Sheets: [Sheet1]
Rows: []
Cols: []
----------------- EXTRA WB1 -------------------
Sheets: []
Rows: []
Cols: []
----------------- EXTRA WB2 -------------------
Sheets: []
Rows: []
Cols: []
-----------------------------------------
Excel files test\resources\ss_without_formula.xlsx and test\resources\ss_with_formula.xlsx match