DIFF  Cell at     Sheet1!A1 => '979.135851626699' v/s '979.135851626695'
----------------- DIFF -------------------
Sheets: [Sheet1]
Rows: [1]
Cols: [A]
----------------- EXTRA WB1 -------------------
Sheets: []
Rows: []
Cols: []
----------------- EXTRA WB2 -------------------
Sheets: []
Rows: []
Cols: []
-----------------------------------------
Excel files test\resources\ss1_numeric_precision.xlsx and test\resources\ss2_numeric_precision.xlsx differ