DIFF  Cell at     Sheet1!A1 => 'a1' v/s 'a11'
DIFF  Cell at     Sheet1!C3 => 'c3' v/s 'c33'
----------------- DIFF -------------------
Sheets: [Sheet1]
Rows: [1, 3]
Cols: [A, C]
----------------- EXTRA WB1 -------------------
Sheets: []
Rows: []
Cols: []
----------------- EXTRA WB2 -------------------
Sheets: []
Rows: []
Cols: []
-----------------------------------------
Excel files test\resources\ss3.xlsx and test\resources\ss3.ods differ