----------------- DIFF -------------------
Sheets: []
Rows: []
Cols: []
----------------- EXTRA WB1 -------------------
Sheets: []
Rows: []
Cols: []
----------------- EXTRA WB2 -------------------
Sheets: []
Rows: []
Cols: []
-----------------------------------------
Excel files test\resources\ss1_numeric_precision.xlsx and test\resources\ss2_numeric_precision.xlsx match