----------------- DIFF -------------------
Sheets: []
Rows: []
Cols: []
----------------- EXTRA WB1 -------------------
Sheets: []
Rows: []
Cols: []
----------------- EXTRA WB2 -------------------
Sheets: []
Rows: []
Cols: []
-----------------------------------------
Excel files test\resources\ss1.xlsx and test\resources\ss1.xlsx match